
Copyright (C) 1994-2018 Synopsys, Inc.
This Synopsys software and all associated documentation are proprietary to Synopsys, Inc.
and may only be used pursuant to the terms and conditions of a written license agreement
with Synopsys, Inc. All other use, reproduction, modification, or distribution of the
Synopsys software or the associated documentation is strictly prohibited.
Tool: Synplify Pro (R)
Build: N-2018.03L-SP1-1
Install: D:\diamond\3.11_x64\synpbase
OS: Windows 6.2

Hostname: LAPTOP-O0G86UVC

Implementation : ram0
Synopsys HDL compiler and linker, Version comp2018q2p1, Build 461R, Built Apr  1 2019 09:17:43

Modified Files: 1
FID:  path (prevtimestamp, timestamp)
66       C:\Users\omarf\OneDrive\Documentos\ESCOM\Arqui\stack01\00\coder00.vhd (2019-10-09 18:54:06, 2019-10-09 18:57:46)

*******************************************************************
Modules that may have changed as a result of file changes: 1
MID:  lib.cell.view
0        work.coder00.coder0 may have changed because the following files changed:
                        C:\Users\omarf\OneDrive\Documentos\ESCOM\Arqui\stack01\00\coder00.vhd (2019-10-09 18:54:06, 2019-10-09 18:57:46) <-- (architecture and entity definition)

*******************************************************************
Unmodified files: 21
FID:  path (timestamp)
67       C:\Users\omarf\OneDrive\Documentos\ESCOM\Arqui\stack01\00\contRead00.vhd (2019-08-04 00:00:34)
68       C:\Users\omarf\OneDrive\Documentos\ESCOM\Arqui\stack01\00\contring00.vhd (2019-08-04 00:00:34)
69       C:\Users\omarf\OneDrive\Documentos\ESCOM\Arqui\stack01\00\div00.vhdl (2019-08-04 00:00:34)
70       C:\Users\omarf\OneDrive\Documentos\ESCOM\Arqui\stack01\00\mux00.vhd (2019-10-09 17:45:46)
71       C:\Users\omarf\OneDrive\Documentos\ESCOM\Arqui\stack01\00\osc00.vhdl (2019-08-04 00:00:34)
72       C:\Users\omarf\OneDrive\Documentos\ESCOM\Arqui\stack01\00\packagediv00.vhdl (2019-08-04 00:00:34)
73       C:\Users\omarf\OneDrive\Documentos\ESCOM\Arqui\stack01\00\packageram00.vhd (2019-08-04 00:00:34)
74       C:\Users\omarf\OneDrive\Documentos\ESCOM\Arqui\stack01\00\ram00.vhd (2019-10-09 18:08:16)
75       C:\Users\omarf\OneDrive\Documentos\ESCOM\Arqui\stack01\00\topdiv00.vhdl (2019-08-04 00:00:34)
76       C:\Users\omarf\OneDrive\Documentos\ESCOM\Arqui\stack01\00\topram00.vhd (2019-10-09 17:41:44)
77       D:\diamond\3.11_x64\cae_library\synthesis\vhdl\machxo2.vhd (2018-11-15 00:32:12)
78       D:\diamond\3.11_x64\synpbase\lib\cpld\lattice.vhd (2019-04-01 08:08:08)
79       D:\diamond\3.11_x64\synpbase\lib\vhd\arith.vhd (2019-04-01 08:07:44)
80       D:\diamond\3.11_x64\synpbase\lib\vhd\hyperents.vhd (2019-04-01 08:07:44)
81       D:\diamond\3.11_x64\synpbase\lib\vhd\location.map (2019-04-01 15:01:20)
82       D:\diamond\3.11_x64\synpbase\lib\vhd\numeric.vhd (2019-04-01 08:07:44)
83       D:\diamond\3.11_x64\synpbase\lib\vhd\snps_haps_pkg.vhd (2019-04-01 08:07:44)
84       D:\diamond\3.11_x64\synpbase\lib\vhd\std.vhd (2019-04-01 08:07:44)
85       D:\diamond\3.11_x64\synpbase\lib\vhd\std1164.vhd (2019-04-01 08:07:44)
86       D:\diamond\3.11_x64\synpbase\lib\vhd\umr_capim.vhd (2019-04-01 08:07:44)
87       D:\diamond\3.11_x64\synpbase\lib\vhd\unsigned.vhd (2019-04-01 08:07:44)

*******************************************************************
Unchanged modules: 16
MID:  lib.cell.view
2        work.contread00.contread0
3        work.contread00.vhdl
4        work.contring00.contring0
5        work.contring00.vhdl
6        work.div00.div0
7        work.div00.vhdl
8        work.mux00.mux0
9        work.mux00.vhdl
10       work.osc00.osc0
11       work.osc00.vhdl
12       work.ram00.ram0
13       work.ram00.vhdl
14       work.topdiv00.topdiv0
15       work.topdiv00.vhdl
16       work.topram00.topram0
17       work.topram00.vhdl
